Humanitarian Data Platform — LOG-Huma 003
=========================================

Date locale : 2026-08-15 11:24:32 +0200
Objet : reprise du projet et réalisation de l'itération 2 de HDP 3.0.0

Travaux réalisés
----------------
- Restauration et vérification du checkpoint source de l'itération 1.
- Conservation des décisions d'architecture locale et de compatibilité 2.5.0.
- Ajout des versions et exécutions Python/R par runners C sans réseau.
- Ajout des rapports JSON et empreintes d'exécution.
- Ajout de la veille RSS officielle ReliefWeb et du planificateur associé.
- Ajout de la chronologie Gantt par projet.
- Ajout de l'import GeoJSON PostGIS, de Leaflet embarqué et des exports QGIS/R.
- Actualisation de la politique GitHub à droits minimaux.
- Mise à jour de l'installateur, des scripts de démarrage et de la documentation.

Validations
-----------
- 64/64 tests Python réussis.
- Python compileall, JavaScript et YAML Compose valides.
- OpenAPI : 47 chemins, 63 opérations.
- Runner : compilation C17 stricte, job réussi et délai dépassé correctement.
- Payload : 41 fichiers restitués exactement.
- EXE : PE32+ GUI x86-64, 3 595 264 octets,
  SHA-256 d1da72a9b1f3697805866de3c72b4f1be57b049607c28544f1c58049519bcc8c.

Limites
-------
- Docker indisponible dans l'environnement de construction.
- EXE non exécuté sous Windows.
- Aucun appel GitHub et aucune publication effectués.
