Humanitarian Data Platform — journal applicatif des versions
=============================================================

[2026-08-15] Version 4.1.0 - sources individualisées et liens
------------------------------------------------------------
- Contrats globaux, limites HTTP et paramètres projet séparés pour 10 sources.
- Profils techniques, liens officiels et exemples cURL/Python/R expurgés.
- Page Technologies & code : 25 ressources, 13 catégories, 87 liens.
- Compatibilité des paramètres et sauvegardes 4.0.0 ; 101 tests réussis.

[2026-08-15] Version 4.0.0 — gel fonctionnel
------------------------------------------------
- Recherche fédérée et paramètres propres à dix connecteurs.
- Imports atomiques, bibliothèque, planification, carte et SQL.
- Recettes CSV/TSV, lignée derived et scripts Python/R.
- CI, SBOM et procédures de sauvegarde/restauration.
- L’EXE 4.0.0 doit être recompilé et qualifié sur Windows.

[2026-08-15] Version 3.0.0 — finale
-----------------------------------
- Gel du contrat applicatif et des libellés de version.
- Intégration de la passerelle REST GitHub locale de main : lectures classiques,
  création d'issues et déclenchement de workflows verrouillés par défaut.
- Renforcement du conteneur GitHub : utilisateur non privilégié, lecture seule,
  capacités supprimées et limites de ressources.
- Documentation consolidée, prompt global autonome, manifeste et livrables finaux.

[2026-08-15] Version 3.0.0 — itération 2
----------------------------------------
- Ajout des versions immuables et des exécutions Python/R par runners C
  non privilégiés, sans réseau, sans shell et avec limites de ressources.
- Rapports JSON, sorties et empreintes SHA-256 conservés par projet.
- Registre de quatre flux RSS ReliefWeb officiels, abonnements planifiés,
  déduplication et parsing XML borné/durci.
- Chronologie Gantt des acquisitions, planifications et exécutions.
- Import GeoJSON dans PostGIS, rendu Leaflet embarqué et exports QGIS/R.
- Fond OpenStreetMap désactivé par défaut et chargé uniquement à la demande.
- Politique GitHub actualisée pour les jetons finement granulés.

[2026-08-14] Version 3.0.0 — itération 1
----------------------------------------
- Ajout d'un registre versionné et validé des paramètres des sept connecteurs.
- Exposition séparée des paramètres globaux et des paramètres source par projet.
- Prévisualisation locale et assainie des URL et commandes sans exécution réseau.
- Acquisition et planification enrichies par les paramètres complets et leur provenance.
- Migration idempotente des réglages de sources et des métadonnées de bibliothèque.
- Filtres initiaux par source, format, sujet, organisme, localisation et dates.
- Chaîne Windows portée en 3.0.0 ; mise à niveau conservant les variables `.env`
  inconnues, les secrets existants, les fichiers locaux et le volume PostgreSQL.
- Validation locale : 49 tests Python, syntaxe Python/JavaScript et restitution
  exacte des 22 fichiers du payload embarqué. La recette Windows reste finale.

[2026-08-07] Version 2.5.0
--------------------------
- Ajout d'un catalogue intégré de 18 sources épidémiologiques et sanitaires
  mondiales, avec organisme, couverture, domaines, modalités d'accès et liens.
- Sept sources sont interrogeables et planifiables : HDX, ReliefWeb, OMS/GHO,
  Banque mondiale/WDI, UNICEF/SDMX, ONU/ODD et DHS.
- Les réponses distantes originales des cinq nouveaux connecteurs sont archivées
  avec leur empreinte SHA-256 avant normalisation des indicateurs et flux.
- Onze portails sans API publique stable documentée, ou dont l'accès varie selon
  le jeu, sont affichés explicitement comme références et jamais comme API active.
- L'interface ajoute un onglet « Sources sanitaires », peuple les sélecteurs
  depuis l'API et expose les contraintes de compte ou d'identifiant.
- Validation de livraison : 36 tests unitaires, compilation Python et contrôle
  syntaxique JavaScript ; les appels réels restent soumis à la disponibilité et
  aux conditions des services tiers.

[2026-08-07] Version 2.4.0
--------------------------
- Les téléchargements officiels sont exposés sous forme de liste : COD-AB et
  COD-PS sont sélectionnables ; COD-CS reste visible mais désactivé avec un
  registre vérifié vide ; COD-HP est signalé comme retiré par OCHA.
- La zone est choisie dans l'intersection des pays ou zones ONU M49 et des
  groupes HDX canoniques de toutes les familles sélectionnées.
- Vérification HDX en direct : 163 pays/zones COD-AB, 146 COD-PS et 143 dans
  l'intersection ; Soudan présent dans les deux, Algérie uniquement en COD-AB.
- COD-AB sélectionne le format géospatial demandé. COD-PS sélectionne ses
  ressources tabulaires CSV/XLSX.
- L'ensemble est atomique : si un pays n'est plus disponible dans une famille,
  le catalogue et la décision sont archivés sans télécharger un sous-ensemble.
- Les profils conservent cod_families et les ressources locales cod_family.
  Les anciens profils pays sont préservés ; monde/région sont suspendus jusqu'à
  un choix explicite dans la nouvelle liste.
- Validation de livraison : 29 tests unitaires, compilation Python, contrôle
  JavaScript, recette HDX réelle, reconstruction de l'installateur et des ZIP.

[2026-08-07] Version 2.3.2
--------------------------
- Correction du catalogue HDX : recherche des identifiants canoniques cod-ab-*
  portant un niveau cod-enhanced ou cod-standard.
- Les réponses CKAN sans champ dataseries_name sont admises uniquement lorsque
  l'identifiant exact cod-ab-<iso3> correspond à l'unique groupe ISO3 ONU M49.
- Changer de périmètre M49, politique COD ou format invalide désormais le statut,
  l'erreur et l'acquisition de l'ancien profil.
- L'interface affiche « synchronisation requise » au lieu de juxtaposer le
  nouveau territoire et une ancienne erreur.
- Vérification en direct : cod-ab-sdn pour M49 729 et cod-ab-dza pour M49 012,
  tous deux cod-enhanced avec une ressource GeoJSON.
- Validation de livraison : 24 tests unitaires, compilation Python, contrôle
  JavaScript, reconstruction de l'installateur Windows et vérification des ZIP.

[2026-08-07] Version 2.3.1
--------------------------
- Le module géographique utilise exclusivement la nomenclature ONU M49 embarquée.
- La saisie libre d'un identifiant de jeu HDX est supprimée du profil géographique.
- Seule la série officielle OCHA/HDX « COD - Subnational Administrative Boundaries »
  est admissible, avec les niveaux cod-enhanced ou cod-standard.
- Deux politiques sont disponibles : cod-enhanced uniquement, ou cod-enhanced
  avec cod-standard officiel en repli.
- Chaque ressource géographique locale conserve le code M49, le code ISO3, le
  niveau COD, l'éditeur, la licence et la date des métadonnées HDX.
- Migration : un ancien profil « monde » devient ONU M49 001. Toute ancienne
  portée plus étroite est désactivée et marquée migration_required jusqu'au choix
  explicite d'un territoire M49 ; aucune portée n'est déduite arbitrairement.
- Téléchargements : une ressource déjà complète ne consomme plus la limite du
  passage. Les ressources au-delà du quota sont marquées deferred et seront
  reprises lors d'un passage ultérieur.
- Référentiel embarqué : ONU M49, instantané du 7 août 2026, 278 entités dont
  248 pays ou zones ISO3. Génération intermédiaire un-m49 2.2.0 (licence MIT).
- Validation de livraison : 21 tests unitaires, compilation Python, contrôle
  JavaScript, reconstruction de l'installateur Windows et vérification des ZIP.

[2026-08-07] Version 2.3.0
--------------------------
- Gestion par projets des ressources, préférences, scripts et planifications.
- Création d'un dépôt GitHub depuis les paramètres du projet.
- Synchronisation géographique HDX initiale avec échelle opérationnelle.
- Ajout du correctif Windows sécurisé de configuration de GITHUB_TOKEN.

Ce fichier est livré dans le répertoire d'installation. Il ne contient ni jeton,
ni mot de passe, ni donnée utilisateur.
