Humanitarian Data Platform — journal applicatif des versions
=============================================================

[2026-08-07] Version 2.4.0
--------------------------
- Les téléchargements officiels sont exposés sous forme de liste : COD-AB et
  COD-PS sont sélectionnables ; COD-CS reste visible mais désactivé avec un
  registre vérifié vide ; COD-HP est signalé comme retiré par OCHA.
- La zone est choisie dans l'intersection des pays ou zones ONU M49 et des
  groupes HDX canoniques de toutes les familles sélectionnées.
- Vérification HDX en direct : 163 pays/zones COD-AB, 146 COD-PS et 143 dans
  l'intersection ; Soudan présent dans les deux, Algérie uniquement en COD-AB.
- COD-AB sélectionne le format géospatial demandé. COD-PS sélectionne ses
  ressources tabulaires CSV/XLSX.
- L'ensemble est atomique : si un pays n'est plus disponible dans une famille,
  le catalogue et la décision sont archivés sans télécharger un sous-ensemble.
- Les profils conservent cod_families et les ressources locales cod_family.
  Les anciens profils pays sont préservés ; monde/région sont suspendus jusqu'à
  un choix explicite dans la nouvelle liste.
- Validation de livraison : 29 tests unitaires, compilation Python, contrôle
  JavaScript, recette HDX réelle, reconstruction de l'installateur et des ZIP.

[2026-08-07] Version 2.3.2
--------------------------
- Correction du catalogue HDX : recherche des identifiants canoniques cod-ab-*
  portant un niveau cod-enhanced ou cod-standard.
- Les réponses CKAN sans champ dataseries_name sont admises uniquement lorsque
  l'identifiant exact cod-ab-<iso3> correspond à l'unique groupe ISO3 ONU M49.
- Changer de périmètre M49, politique COD ou format invalide désormais le statut,
  l'erreur et l'acquisition de l'ancien profil.
- L'interface affiche « synchronisation requise » au lieu de juxtaposer le
  nouveau territoire et une ancienne erreur.
- Vérification en direct : cod-ab-sdn pour M49 729 et cod-ab-dza pour M49 012,
  tous deux cod-enhanced avec une ressource GeoJSON.
- Validation de livraison : 24 tests unitaires, compilation Python, contrôle
  JavaScript, reconstruction de l'installateur Windows et vérification des ZIP.

[2026-08-07] Version 2.3.1
--------------------------
- Le module géographique utilise exclusivement la nomenclature ONU M49 embarquée.
- La saisie libre d'un identifiant de jeu HDX est supprimée du profil géographique.
- Seule la série officielle OCHA/HDX « COD - Subnational Administrative Boundaries »
  est admissible, avec les niveaux cod-enhanced ou cod-standard.
- Deux politiques sont disponibles : cod-enhanced uniquement, ou cod-enhanced
  avec cod-standard officiel en repli.
- Chaque ressource géographique locale conserve le code M49, le code ISO3, le
  niveau COD, l'éditeur, la licence et la date des métadonnées HDX.
- Migration : un ancien profil « monde » devient ONU M49 001. Toute ancienne
  portée plus étroite est désactivée et marquée migration_required jusqu'au choix
  explicite d'un territoire M49 ; aucune portée n'est déduite arbitrairement.
- Téléchargements : une ressource déjà complète ne consomme plus la limite du
  passage. Les ressources au-delà du quota sont marquées deferred et seront
  reprises lors d'un passage ultérieur.
- Référentiel embarqué : ONU M49, instantané du 7 août 2026, 278 entités dont
  248 pays ou zones ISO3. Génération intermédiaire un-m49 2.2.0 (licence MIT).
- Validation de livraison : 21 tests unitaires, compilation Python, contrôle
  JavaScript, reconstruction de l'installateur Windows et vérification des ZIP.

[2026-08-07] Version 2.3.0
--------------------------
- Gestion par projets des ressources, préférences, scripts et planifications.
- Création d'un dépôt GitHub depuis les paramètres du projet.
- Synchronisation géographique HDX initiale avec échelle opérationnelle.
- Ajout du correctif Windows sécurisé de configuration de GITHUB_TOKEN.

Ce fichier est livré dans le répertoire d'installation. Il ne contient ni jeton,
ni mot de passe, ni donnée utilisateur.
